✓ Running next.config.ts took 3.2s
> Ready on http://10.30.21.75:9011
 GET /database 200 in 750ms (next.js: 560ms, application-code: 190ms)
 GET /database 200 in 52ms (next.js: 4ms, application-code: 48ms)
 GET / 200 in 539ms (next.js: 97ms, application-code: 442ms)
 GET / 200 in 32ms (next.js: 3ms, application-code: 29ms)
 GET / 200 in 30ms (next.js: 3ms, application-code: 27ms)
 GET / 200 in 35ms (next.js: 5ms, application-code: 29ms)
 GET / 200 in 29ms (next.js: 3ms, application-code: 26ms)
 GET / 200 in 37ms (next.js: 3ms, application-code: 34ms)
 GET /database 200 in 39ms (next.js: 5ms, application-code: 34ms)
 GET / 200 in 33ms (next.js: 3ms, application-code: 30ms)
 GET /database 200 in 35ms (next.js: 3ms, application-code: 32ms)
 GET / 200 in 28ms (next.js: 3ms, application-code: 25ms)
 GET / 200 in 28ms (next.js: 3ms, application-code: 25ms)
 GET /database 200 in 30ms (next.js: 2ms, application-code: 28ms)
 GET / 200 in 27ms (next.js: 4ms, application-code: 23ms)
 GET /database 200 in 53ms (next.js: 4ms, application-code: 49ms)
 GET / 200 in 29ms (next.js: 4ms, application-code: 25ms)
 GET /database 200 in 34ms (next.js: 3ms, application-code: 32ms)
 GET / 200 in 30ms (next.js: 3ms, application-code: 26ms)
 GET / 200 in 4.1s (next.js: 4.0s, application-code: 32ms)
 GET / 200 in 99ms (next.js: 57ms, application-code: 43ms)
 GET / 200 in 105ms (next.js: 5ms, application-code: 100ms)
 GET / 200 in 39ms (next.js: 3ms, application-code: 36ms)
 GET / 200 in 22ms (next.js: 3ms, application-code: 20ms)
 GET / 200 in 19ms (next.js: 4ms, application-code: 15ms)
 GET / 200 in 22ms (next.js: 5ms, application-code: 18ms)
 GET / 200 in 21ms (next.js: 4ms, application-code: 17ms)
 GET / 200 in 104ms (next.js: 79ms, application-code: 24ms)
 GET / 200 in 97ms (next.js: 77ms, application-code: 20ms)
✓ Compiled in 1670ms
 GET / 200 in 45ms (next.js: 30ms, application-code: 14ms)
 GET / 200 in 24ms (next.js: 8ms, application-code: 16ms)
✓ Compiled in 116ms
 GET / 200 in 359ms (next.js: 24ms, application-code: 335ms)
○ Compiling /workbook-links ...
 GET /workbook-links 200 in 10.0s (next.js: 9.9s, application-code: 38ms)
 GET / 200 in 70ms (next.js: 47ms, application-code: 23ms)
 GET /workbook-links 200 in 360ms (next.js: 334ms, application-code: 26ms)
 GET / 200 in 29ms (next.js: 3ms, application-code: 27ms)
 GET /workbook-links 200 in 32ms (next.js: 2ms, application-code: 30ms)
 GET / 200 in 30ms (next.js: 3ms, application-code: 26ms)
 GET / 200 in 54ms (next.js: 3ms, application-code: 51ms)
 GET /database 200 in 195ms (next.js: 135ms, application-code: 59ms)
 GET / 200 in 29ms (next.js: 3ms, application-code: 26ms)
 GET /workbook-links 200 in 32ms (next.js: 2ms, application-code: 29ms)
 GET / 200 in 30ms (next.js: 3ms, application-code: 27ms)
✓ Compiled in 1068ms
 GET / 200 in 73ms (next.js: 32ms, application-code: 41ms)
 GET / 200 in 75ms (next.js: 50ms, application-code: 25ms)
✓ Compiled in 62ms
 GET / 200 in 44ms (next.js: 10ms, application-code: 34ms)
 GET / 200 in 46ms (next.js: 27ms, application-code: 19ms)
